// Jest Snapshot v1, https://goo.gl/fbAQLP

exports[`Tests Footer container Matching snapshot 1`] = `
<div
  className="footer"
>
  <div
    className="footer-wrapper"
  >
    <p
      className="netflix"
    >
      netflixroulette
    </p>
  </div>
</div>
`;
